TAP version 13
# Subtest: P3 mobile layout contracts
    # Subtest: keeps the page shell and header from widening narrow viewports
    ok 1 - keeps the page shell and header from widening narrow viewports
      ---
      duration_ms: 1.089125
      type: 'test'
      ...
    # Subtest: keeps the primary wallet scan action full-width on small screens
    ok 2 - keeps the primary wallet scan action full-width on small screens
      ---
      duration_ms: 9.019875
      type: 'test'
      ...
    # Subtest: keeps scan modes equal-width on mobile and hides decorative cluster metadata
    ok 3 - keeps scan modes equal-width on mobile and hides decorative cluster metadata
      ---
      duration_ms: 0.264208
      type: 'test'
      ...
    # Subtest: renders the wallet search input empty by default
    ok 4 - renders the wallet search input empty by default
      ---
      duration_ms: 1.221459
      type: 'test'
      ...
    # Subtest: keeps the complete product promise above the wallet search console
    ok 5 - keeps the complete product promise above the wallet search console
      ---
      duration_ms: 0.200541
      type: 'test'
      ...
    # Subtest: labels deliberate horizontal scroll regions and makes them keyboard-scrollable
    ok 6 - labels deliberate horizontal scroll regions and makes them keyboard-scrollable
      ---
      duration_ms: 0.358542
      type: 'test'
      ...
    # Subtest: renders the full wallet address as copyable without forcing it into the layout
    ok 7 - renders the full wallet address as copyable without forcing it into the layout
      ---
      duration_ms: 1.069125
      type: 'test'
      ...
    # Subtest: uses one identity hierarchy and an equal-width connected-account grid
    ok 8 - uses one identity hierarchy and an equal-width connected-account grid
      ---
      duration_ms: 2.893208
      type: 'test'
      ...
    1..8
ok 1 - P3 mobile layout contracts
  ---
  duration_ms: 17.2445
  type: 'suite'
  ...
1..1
# tests 8
# suites 1
# pass 8
# fail 0
# cancelled 0
# skipped 0
# todo 0
# duration_ms 367.872041
